
> web@1.0.0 build
> tsc -b && vite build

src/pages/DashboardPage.tsx(154,41): error TS2322: Type '{ money: boolean; separator?: string | undefined; wrapperClassName?: string | undefined; labelClassName?: string | undefined; formatter?: Formatter<ValueType, NameType> | undefined; ... 27 more ...; wrapperStyle?: CSSProperties | undefined; }' is not assignable to type '{ active?: boolean | undefined; payload?: GenericTooltipEntry[] | undefined; money?: boolean | undefined; }'.
  Types of property 'payload' are incompatible.
    Type 'Payload<ValueType, NameType>[] | undefined' is not assignable to type 'GenericTooltipEntry[] | undefined'.
      Type 'Payload<ValueType, NameType>[]' is not assignable to type 'GenericTooltipEntry[]'.
        Type 'Payload<ValueType, NameType>' is not assignable to type 'GenericTooltipEntry'.
          Types of property 'value' are incompatible.
            Type 'ValueType | undefined' is not assignable to type 'string | number | undefined'.
              Type '(string | number)[]' is not assignable to type 'string | number | undefined'.
src/pages/DashboardPage.tsx(428,49): error TS2322: Type '{ separator?: string | undefined; wrapperClassName?: string | undefined; labelClassName?: string | undefined; formatter?: Formatter<ValueType, NameType> | undefined; ... 27 more ...; wrapperStyle?: CSSProperties | undefined; }' is not assignable to type '{ active?: boolean | undefined; payload?: GenericTooltipEntry[] | undefined; label?: string | number | undefined; money?: boolean | undefined; }'.
  Types of property 'payload' are incompatible.
    Type 'Payload<ValueType, NameType>[] | undefined' is not assignable to type 'GenericTooltipEntry[] | undefined'.
      Type 'Payload<ValueType, NameType>[]' is not assignable to type 'GenericTooltipEntry[]'.
        Type 'Payload<ValueType, NameType>' is not assignable to type 'GenericTooltipEntry'.
          Types of property 'value' are incompatible.
            Type 'ValueType | undefined' is not assignable to type 'string | number | undefined'.
              Type '(string | number)[]' is not assignable to type 'string | number | undefined'.
src/pages/DashboardPage.tsx(510,51): error TS2322: Type '{ money: true; separator?: string | undefined; wrapperClassName?: string | undefined; labelClassName?: string | undefined; formatter?: Formatter<ValueType, NameType> | undefined; ... 27 more ...; wrapperStyle?: CSSProperties | undefined; }' is not assignable to type '{ active?: boolean | undefined; payload?: GenericTooltipEntry[] | undefined; label?: string | number | undefined; money?: boolean | undefined; }'.
  Types of property 'payload' are incompatible.
    Type 'Payload<ValueType, NameType>[] | undefined' is not assignable to type 'GenericTooltipEntry[] | undefined'.
      Type 'Payload<ValueType, NameType>[]' is not assignable to type 'GenericTooltipEntry[]'.
        Type 'Payload<ValueType, NameType>' is not assignable to type 'GenericTooltipEntry'.
          Types of property 'value' are incompatible.
            Type 'ValueType | undefined' is not assignable to type 'string | number | undefined'.
              Type '(string | number)[]' is not assignable to type 'string | number | undefined'.
src/pages/DashboardPage.tsx(579,47): error TS2322: Type '{ money: true; separator?: string | undefined; wrapperClassName?: string | undefined; labelClassName?: string | undefined; formatter?: Formatter<ValueType, NameType> | undefined; ... 27 more ...; wrapperStyle?: CSSProperties | undefined; }' is not assignable to type '{ active?: boolean | undefined; payload?: GenericTooltipEntry[] | undefined; label?: string | number | undefined; money?: boolean | undefined; }'.
  Types of property 'payload' are incompatible.
    Type 'Payload<ValueType, NameType>[] | undefined' is not assignable to type 'GenericTooltipEntry[] | undefined'.
      Type 'Payload<ValueType, NameType>[]' is not assignable to type 'GenericTooltipEntry[]'.
        Type 'Payload<ValueType, NameType>' is not assignable to type 'GenericTooltipEntry'.
          Types of property 'value' are incompatible.
            Type 'ValueType | undefined' is not assignable to type 'string | number | undefined'.
              Type '(string | number)[]' is not assignable to type 'string | number | undefined'.
src/pages/DashboardPage.tsx(623,22): error TS2322: Type '{ money: false; separator?: string | undefined; wrapperClassName?: string | undefined; labelClassName?: string | undefined; formatter?: Formatter<ValueType, NameType> | undefined; ... 27 more ...; wrapperStyle?: CSSProperties | undefined; }' is not assignable to type '{ active?: boolean | undefined; payload?: GenericTooltipEntry[] | undefined; label?: string | number | undefined; money?: boolean | undefined; }'.
  Types of property 'payload' are incompatible.
    Type 'Payload<ValueType, NameType>[] | undefined' is not assignable to type 'GenericTooltipEntry[] | undefined'.
      Type 'Payload<ValueType, NameType>[]' is not assignable to type 'GenericTooltipEntry[]'.
        Type 'Payload<ValueType, NameType>' is not assignable to type 'GenericTooltipEntry'.
          Types of property 'value' are incompatible.
            Type 'ValueType | undefined' is not assignable to type 'string | number | undefined'.
              Type '(string | number)[]' is not assignable to type 'string | number | undefined'.
src/pages/DashboardPage.tsx(655,49): error TS2322: Type '{ money: true; separator?: string | undefined; wrapperClassName?: string | undefined; labelClassName?: string | undefined; formatter?: Formatter<ValueType, NameType> | undefined; ... 27 more ...; wrapperStyle?: CSSProperties | undefined; }' is not assignable to type '{ active?: boolean | undefined; payload?: GenericTooltipEntry[] | undefined; label?: string | number | undefined; money?: boolean | undefined; }'.
  Types of property 'payload' are incompatible.
    Type 'Payload<ValueType, NameType>[] | undefined' is not assignable to type 'GenericTooltipEntry[] | undefined'.
      Type 'Payload<ValueType, NameType>[]' is not assignable to type 'GenericTooltipEntry[]'.
        Type 'Payload<ValueType, NameType>' is not assignable to type 'GenericTooltipEntry'.
          Types of property 'value' are incompatible.
            Type 'ValueType | undefined' is not assignable to type 'string | number | undefined'.
              Type '(string | number)[]' is not assignable to type 'string | number | undefined'.
src/pages/DashboardPage.tsx(724,51): error TS2322: Type '{ separator?: string | undefined; wrapperClassName?: string | undefined; labelClassName?: string | undefined; formatter?: Formatter<ValueType, NameType> | undefined; ... 27 more ...; wrapperStyle?: CSSProperties | undefined; }' is not assignable to type '{ active?: boolean | undefined; payload?: GenericTooltipEntry[] | undefined; label?: string | number | undefined; money?: boolean | undefined; }'.
  Types of property 'payload' are incompatible.
    Type 'Payload<ValueType, NameType>[] | undefined' is not assignable to type 'GenericTooltipEntry[] | undefined'.
      Type 'Payload<ValueType, NameType>[]' is not assignable to type 'GenericTooltipEntry[]'.
        Type 'Payload<ValueType, NameType>' is not assignable to type 'GenericTooltipEntry'.
          Types of property 'value' are incompatible.
            Type 'ValueType | undefined' is not assignable to type 'string | number | undefined'.
              Type '(string | number)[]' is not assignable to type 'string | number | undefined'.
